exports[`test render 1`] = `
<div
  className="entities">
  <div
    className="entity active"
    onClick={[Function]}>
    <span
      className="p1">
      <div
        className="person-icon"
        style={
          Object {
            "backgroundImage": "url(/images/1.jpg)",
          }
        } />
    </span>
    <span
      className="p2">
      <span
        className="name">
        Liuxia@sansi.com
      </span>
    </span>
  </div>
  <div
    className="entity "
    onClick={[Function]}>
    <span
      className="p1">
      <div
        className="person-icon"
        style={Object {}} />
    </span>
    <span
      className="p2">
      <span
        className="name">
        Hello World
      </span>
    </span>
  </div>
</div>
`;
